params:
  mem_type = DDR
  m_a_type = Normal
  m_b_type = Normal
  s_request_latency  = 0
  s_response_latency = 0
  m_request_latency  = 0
  m_response_latency = 0
test           1
A       1000
A       2000
A       3000
B         10
A       4000
A       5000
A       6000
B         20
A       7000
A       8000
A       9000
A      10000
PASS
