Enqueued command 0
Enqueued command 1
Enqueued command 2
Enqueued command 3
Enqueued command 4
Enqueued command 5
Enqueued command 6
Enqueued command 7
Enqueued command 8
Enqueued command 9
Enqueued command 10
Enqueued command 11
Enqueued command 12
Enqueued command 13
Enqueued command 14
Enqueued command 15
Enqueued command 16
Enqueued command 17
Enqueued command 18
Enqueued command 19
Enqueued command 20
Enqueued command 21
Enqueued command 22
Enqueued command 23
Enqueued command 24
Enqueued command 25
Enqueued command 26
Enqueued command 27
Enqueued command 28
Enqueued command 29
Enqueued command 30
Enqueued command 31
Enqueued command 32
Enqueued command 33
Enqueued command 34
Enqueued command 35
Enqueued command 36
Enqueued command 37
Enqueued command 38
Enqueued command 39
Enqueued command 40
Enqueued command 41
Enqueued command 42
Enqueued command 43
Enqueued command 44
Enqueued command 45
Enqueued command 46
Enqueued command 47
Enqueued command 48
Enqueued command 49
Enqueued command 50
Enqueued command 51
Enqueued command 52
Enqueued command 53
Enqueued command 54
Enqueued command 55
Enqueued command 56
Enqueued command 57
Enqueued command 58
Enqueued command 59
Enqueued command 60
Enqueued command 61
Enqueued command 62
Enqueued command 63
Enqueued command 64
Enqueued command 65
Enqueued command 66
Enqueued command 67
Enqueued command 68
Enqueued command 69
Enqueued command 70
Enqueued command 71
Enqueued command 72
Enqueued command 73
Enqueued command 74
Enqueued command 75
Enqueued command 76
Enqueued command 77
Enqueued command 78
Enqueued command 79
Enqueued command 80
Enqueued command 81
Enqueued command 82
Enqueued command 83
Enqueued command 84
Enqueued command 85
Enqueued command 86
Enqueued command 87
Enqueued command 88
Enqueued command 89
Enqueued command 90
Enqueued command 91
Enqueued command 92
Enqueued command 93
Enqueued command 94
Enqueued command 95
Enqueued command 96
Enqueued command 97
Enqueued command 98
Enqueued command 99
Enqueued command 100
Enqueued command 101
Enqueued command 102
Enqueued command 103
Enqueued command 104
Enqueued command 105
Enqueued command 106
Enqueued command 107
Enqueued command 108
Enqueued command 109
Enqueued command 110
Enqueued command 111
Enqueued command 112
Enqueued command 113
Enqueued command 114
Enqueued command 115
Enqueued command 116
Enqueued command 117
Enqueued command 118
Enqueued command 119
Enqueued command 120
Enqueued command 121
Enqueued command 122
Enqueued command 123
Enqueued command 124
Enqueued command 125
Enqueued command 126
Enqueued command 127
Enqueued command 128
Enqueued command 129
Enqueued command 130
Enqueued command 131
Enqueued command 132
Enqueued command 133
Enqueued command 134
Enqueued command 135
Enqueued command 136
Enqueued command 137
Enqueued command 138
Enqueued command 139
Enqueued command 140
Enqueued command 141
Enqueued command 142
Enqueued command 143
==== Sum 0: 1 ====
==== Sum 1: 3 ====
Enqueued command 144
==== Product 0: 1 ====
Enqueued command 145
==== Sum 2: 6 ====
==== Product 1: 2 ====
Enqueued command 146
==== Sum 3: 10 ====
==== Product 2: 6 ====
Enqueued command 147
==== Sum 4: 15 ====
==== Product 3: 24 ====
Enqueued command 148
==== Sum 6: 3 ====
==== Product 4: 120 ====
Enqueued command 149
Enqueued command 150
==== Sum 7: 5 ====
==== Product 6: 2 ====
Enqueued command 151
==== Sum 8: 8 ====
==== Product 7: 4 ====
Enqueued command 152
==== Sum 9: 12 ====
==== Product 8: 12 ====
Enqueued command 153
==== Sum 10: 17 ====
==== Product 9: 48 ====
Enqueued command 154
==== Sum 12: 4 ====
==== Product 10: 240 ====
Enqueued command 155
Enqueued command 156
==== Sum 13: 6 ====
==== Product 12: 3 ====
Enqueued command 157
==== Sum 14: 9 ====
==== Product 13: 6 ====
Enqueued command 158
==== Sum 15: 13 ====
==== Product 14: 18 ====
Enqueued command 159
==== Sum 16: 18 ====
==== Product 15: 72 ====
Enqueued command 160
==== Sum 18: 5 ====
==== Product 16: 360 ====
Enqueued command 161
Enqueued command 162
==== Sum 19: 7 ====
==== Product 18: 4 ====
Enqueued command 163
==== Sum 20: 10 ====
==== Product 19: 8 ====
Enqueued command 164
==== Sum 21: 14 ====
==== Product 20: 24 ====
Enqueued command 165
==== Sum 22: 19 ====
==== Product 21: 96 ====
Enqueued command 166
==== Sum 24: 6 ====
==== Product 22: 480 ====
Enqueued command 167
Enqueued command 168
==== Sum 25: 8 ====
==== Product 24: 5 ====
Enqueued command 169
==== Sum 26: 11 ====
==== Product 25: 10 ====
Enqueued command 170
==== Sum 27: 15 ====
==== Product 26: 30 ====
Enqueued command 171
==== Sum 28: 20 ====
==== Product 27: 120 ====
Enqueued command 172
==== Sum 30: 7 ====
==== Product 28: 600 ====
Enqueued command 173
Enqueued command 174
==== Sum 31: 9 ====
==== Product 30: 6 ====
Enqueued command 175
==== Sum 32: 12 ====
==== Product 31: 12 ====
Enqueued command 176
==== Sum 33: 16 ====
==== Product 32: 36 ====
Enqueued command 177
==== Sum 34: 21 ====
==== Product 33: 144 ====
Enqueued command 178
==== Sum 36: 8 ====
==== Product 34: 720 ====
Enqueued command 179
Enqueued command 180
==== Sum 37: 10 ====
==== Product 36: 7 ====
Enqueued command 181
==== Sum 38: 13 ====
==== Product 37: 14 ====
Enqueued command 182
==== Sum 39: 17 ====
==== Product 38: 42 ====
Enqueued command 183
==== Sum 40: 22 ====
==== Product 39: 168 ====
Enqueued command 184
==== Sum 42: 9 ====
==== Product 40: 840 ====
Enqueued command 185
Enqueued command 186
==== Sum 43: 11 ====
==== Product 42: 8 ====
Enqueued command 187
==== Sum 44: 14 ====
==== Product 43: 16 ====
Enqueued command 188
==== Sum 45: 18 ====
==== Product 44: 48 ====
Enqueued command 189
==== Sum 46: 23 ====
==== Product 45: 192 ====
Enqueued command 190
==== Sum 48: 10 ====
==== Product 46: 960 ====
Enqueued command 191
Enqueued command 192
==== Sum 49: 12 ====
==== Product 48: 9 ====
Enqueued command 193
==== Sum 50: 15 ====
==== Product 49: 18 ====
Enqueued command 194
==== Sum 51: 19 ====
==== Product 50: 54 ====
Enqueued command 195
==== Sum 52: 24 ====
==== Product 51: 216 ====
Enqueued command 196
==== Sum 54: 11 ====
==== Product 52: 1080 ====
Enqueued command 197
Enqueued command 198
==== Sum 55: 13 ====
==== Product 54: 10 ====
Enqueued command 199
==== Sum 56: 16 ====
==== Product 55: 20 ====
Enqueued command 200
==== Sum 57: 20 ====
==== Product 56: 60 ====
Enqueued command 201
==== Sum 58: 25 ====
==== Product 57: 240 ====
Enqueued command 202
==== Sum 60: 12 ====
==== Product 58: 1200 ====
Enqueued command 203
Enqueued command 204
==== Sum 61: 14 ====
==== Product 60: 11 ====
Enqueued command 205
==== Sum 62: 17 ====
==== Product 61: 22 ====
Enqueued command 206
==== Sum 63: 21 ====
==== Product 62: 66 ====
Enqueued command 207
==== Sum 64: 26 ====
==== Product 63: 264 ====
Enqueued command 208
==== Sum 66: 13 ====
==== Product 64: 1320 ====
Enqueued command 209
Enqueued command 210
==== Sum 67: 15 ====
==== Product 66: 12 ====
Enqueued command 211
==== Sum 68: 18 ====
==== Product 67: 24 ====
Enqueued command 212
==== Sum 69: 22 ====
==== Product 68: 72 ====
Enqueued command 213
==== Sum 70: 27 ====
==== Product 69: 288 ====
Enqueued command 214
==== Sum 72: 14 ====
==== Product 70: 1440 ====
Enqueued command 215
Enqueued command 216
==== Sum 73: 16 ====
==== Product 72: 13 ====
Enqueued command 217
==== Sum 74: 19 ====
==== Product 73: 26 ====
Enqueued command 218
==== Sum 75: 23 ====
==== Product 74: 78 ====
Enqueued command 219
==== Sum 76: 28 ====
==== Product 75: 312 ====
Enqueued command 220
==== Sum 78: 15 ====
==== Product 76: 1560 ====
Enqueued command 221
Enqueued command 222
==== Sum 79: 17 ====
==== Product 78: 14 ====
Enqueued command 223
==== Sum 80: 20 ====
==== Product 79: 28 ====
Enqueued command 224
==== Sum 81: 24 ====
==== Product 80: 84 ====
Enqueued command 225
==== Sum 82: 29 ====
==== Product 81: 336 ====
Enqueued command 226
==== Sum 84: 16 ====
==== Product 82: 1680 ====
Enqueued command 227
Enqueued command 228
==== Sum 85: 18 ====
==== Product 84: 15 ====
Enqueued command 229
==== Sum 86: 21 ====
==== Product 85: 30 ====
Enqueued command 230
==== Sum 87: 25 ====
==== Product 86: 90 ====
Enqueued command 231
==== Sum 88: 30 ====
==== Product 87: 360 ====
Enqueued command 232
==== Sum 90: 17 ====
==== Product 88: 1800 ====
Enqueued command 233
Enqueued command 234
==== Sum 91: 19 ====
==== Product 90: 16 ====
Enqueued command 235
==== Sum 92: 22 ====
==== Product 91: 32 ====
Enqueued command 236
==== Sum 93: 26 ====
==== Product 92: 96 ====
Enqueued command 237
==== Sum 94: 31 ====
==== Product 93: 384 ====
Enqueued command 238
==== Sum 96: 18 ====
==== Product 94: 1920 ====
Enqueued command 239
Enqueued command 240
==== Sum 97: 20 ====
==== Product 96: 17 ====
Enqueued command 241
==== Sum 98: 23 ====
==== Product 97: 34 ====
Enqueued command 242
==== Sum 99: 27 ====
==== Product 98: 102 ====
Enqueued command 243
==== Sum 100: 32 ====
==== Product 99: 408 ====
Enqueued command 244
==== Sum 102: 19 ====
==== Product 100: 2040 ====
Enqueued command 245
Enqueued command 246
==== Sum 103: 21 ====
==== Product 102: 18 ====
Enqueued command 247
==== Sum 104: 24 ====
==== Product 103: 36 ====
Enqueued command 248
==== Sum 105: 28 ====
==== Product 104: 108 ====
Enqueued command 249
==== Sum 106: 33 ====
==== Product 105: 432 ====
Enqueued command 250
==== Sum 108: 20 ====
==== Product 106: 2160 ====
Enqueued command 251
Enqueued command 252
==== Sum 109: 22 ====
==== Product 108: 19 ====
Enqueued command 253
==== Sum 110: 25 ====
==== Product 109: 38 ====
Enqueued command 254
==== Sum 111: 29 ====
==== Product 110: 114 ====
Enqueued command 255
==== Sum 112: 34 ====
==== Product 111: 456 ====
Enqueued command 256
==== Sum 114: 21 ====
==== Product 112: 2280 ====
Enqueued command 257
Enqueued command 258
==== Sum 115: 23 ====
==== Product 114: 20 ====
Enqueued command 259
==== Sum 116: 26 ====
==== Product 115: 40 ====
Enqueued command 260
==== Sum 117: 30 ====
==== Product 116: 120 ====
Enqueued command 261
==== Sum 118: 35 ====
==== Product 117: 480 ====
Enqueued command 262
==== Sum 120: 22 ====
==== Product 118: 2400 ====
Enqueued command 263
Enqueued command 264
==== Sum 121: 24 ====
==== Product 120: 21 ====
Enqueued command 265
==== Sum 122: 27 ====
==== Product 121: 42 ====
Enqueued command 266
==== Sum 123: 31 ====
==== Product 122: 126 ====
Enqueued command 267
==== Sum 124: 36 ====
==== Product 123: 504 ====
Enqueued command 268
==== Sum 126: 23 ====
==== Product 124: 2520 ====
Enqueued command 269
Enqueued command 270
==== Sum 127: 25 ====
==== Product 126: 22 ====
Enqueued command 271
==== Sum 128: 28 ====
==== Product 127: 44 ====
Enqueued command 272
==== Sum 129: 32 ====
==== Product 128: 132 ====
Enqueued command 273
==== Sum 130: 37 ====
==== Product 129: 528 ====
Enqueued command 274
==== Sum 132: 24 ====
==== Product 130: 2640 ====
Enqueued command 275
Enqueued command 276
==== Sum 133: 26 ====
==== Product 132: 23 ====
Enqueued command 277
==== Sum 134: 29 ====
==== Product 133: 46 ====
Enqueued command 278
==== Sum 135: 33 ====
==== Product 134: 138 ====
Enqueued command 279
==== Sum 136: 38 ====
==== Product 135: 552 ====
Enqueued command 280
==== Sum 138: 25 ====
==== Product 136: 2760 ====
Enqueued command 281
Enqueued command 282
==== Sum 139: 27 ====
==== Product 138: 24 ====
Enqueued command 283
==== Sum 140: 30 ====
==== Product 139: 48 ====
Enqueued command 284
==== Sum 141: 34 ====
==== Product 140: 144 ====
Enqueued command 285
==== Sum 142: 39 ====
==== Product 141: 576 ====
Enqueued command 286
==== Sum 144: 26 ====
==== Product 142: 2880 ====
Enqueued command 287
Enqueued command 288
==== Sum 145: 28 ====
==== Product 144: 25 ====
Enqueued command 289
==== Sum 146: 31 ====
==== Product 145: 50 ====
Enqueued command 290
==== Sum 147: 35 ====
==== Product 146: 150 ====
Enqueued command 291
==== Sum 148: 40 ====
==== Product 147: 600 ====
Enqueued command 292
==== Sum 150: 27 ====
==== Product 148: 3000 ====
Enqueued command 293
Enqueued command 294
==== Sum 151: 29 ====
==== Product 150: 26 ====
Enqueued command 295
==== Sum 152: 32 ====
==== Product 151: 52 ====
Enqueued command 296
==== Sum 153: 36 ====
==== Product 152: 156 ====
Enqueued command 297
==== Sum 154: 41 ====
==== Product 153: 624 ====
Enqueued command 298
==== Sum 156: 28 ====
==== Product 154: 3120 ====
Enqueued command 299
Enqueued command 300
==== Sum 157: 30 ====
==== Product 156: 27 ====
Enqueued command 301
==== Sum 158: 33 ====
==== Product 157: 54 ====
Enqueued command 302
==== Sum 159: 37 ====
==== Product 158: 162 ====
Enqueued command 303
==== Sum 160: 42 ====
==== Product 159: 648 ====
Enqueued command 304
==== Sum 162: 29 ====
==== Product 160: 3240 ====
Enqueued command 305
Enqueued command 306
==== Sum 163: 31 ====
==== Product 162: 28 ====
Enqueued command 307
==== Sum 164: 34 ====
==== Product 163: 56 ====
Enqueued command 308
==== Sum 165: 38 ====
==== Product 164: 168 ====
Enqueued command 309
==== Sum 166: 43 ====
==== Product 165: 672 ====
Enqueued command 310
==== Sum 168: 30 ====
==== Product 166: 3360 ====
Enqueued command 311
Enqueued command 312
==== Sum 169: 32 ====
==== Product 168: 29 ====
Enqueued command 313
==== Sum 170: 35 ====
==== Product 169: 58 ====
Enqueued command 314
==== Sum 171: 39 ====
==== Product 170: 174 ====
Enqueued command 315
==== Sum 172: 44 ====
==== Product 171: 696 ====
Enqueued command 316
==== Sum 174: 31 ====
==== Product 172: 3480 ====
Enqueued command 317
Enqueued command 318
==== Sum 175: 33 ====
==== Product 174: 30 ====
Enqueued command 319
==== Sum 176: 36 ====
==== Product 175: 60 ====
Enqueued command 320
==== Sum 177: 40 ====
==== Product 176: 180 ====
Enqueued command 321
==== Sum 178: 45 ====
==== Product 177: 720 ====
Enqueued command 322
==== Sum 180: 32 ====
==== Product 178: 3600 ====
Enqueued command 323
Enqueued command 324
==== Sum 181: 34 ====
==== Product 180: 31 ====
Enqueued command 325
==== Sum 182: 37 ====
==== Product 181: 62 ====
Enqueued command 326
==== Sum 183: 41 ====
==== Product 182: 186 ====
Enqueued command 327
==== Sum 184: 46 ====
==== Product 183: 744 ====
Enqueued command 328
==== Sum 186: 33 ====
==== Product 184: 3720 ====
Enqueued command 329
Enqueued command 330
==== Sum 187: 35 ====
==== Product 186: 32 ====
Enqueued command 331
==== Sum 188: 38 ====
==== Product 187: 64 ====
Enqueued command 332
==== Sum 189: 42 ====
==== Product 188: 192 ====
Enqueued command 333
==== Sum 190: 47 ====
==== Product 189: 768 ====
Enqueued command 334
==== Sum 192: 34 ====
==== Product 190: 3840 ====
Enqueued command 335
Enqueued command 336
==== Sum 193: 36 ====
==== Product 192: 33 ====
Enqueued command 337
==== Sum 194: 39 ====
==== Product 193: 66 ====
Enqueued command 338
==== Sum 195: 43 ====
==== Product 194: 198 ====
Enqueued command 339
==== Sum 196: 48 ====
==== Product 195: 792 ====
Enqueued command 340
==== Sum 198: 35 ====
==== Product 196: 3960 ====
Enqueued command 341
Enqueued command 342
==== Sum 199: 37 ====
==== Product 198: 34 ====
Enqueued command 343
==== Sum 200: 40 ====
==== Product 199: 68 ====
Enqueued command 344
==== Sum 201: 44 ====
==== Product 200: 204 ====
Enqueued command 345
==== Sum 202: 49 ====
==== Product 201: 816 ====
Enqueued command 346
==== Sum 204: 36 ====
==== Product 202: 4080 ====
Enqueued command 347
Enqueued command 348
==== Sum 205: 38 ====
==== Product 204: 35 ====
Enqueued command 349
==== Sum 206: 41 ====
==== Product 205: 70 ====
Enqueued command 350
==== Sum 207: 45 ====
==== Product 206: 210 ====
Enqueued command 351
==== Sum 208: 50 ====
==== Product 207: 840 ====
Enqueued command 352
==== Sum 210: 37 ====
==== Product 208: 4200 ====
Enqueued command 353
Enqueued command 354
==== Sum 211: 39 ====
==== Product 210: 36 ====
Enqueued command 355
==== Sum 212: 42 ====
==== Product 211: 72 ====
Enqueued command 356
==== Sum 213: 46 ====
==== Product 212: 216 ====
Enqueued command 357
==== Sum 214: 51 ====
==== Product 213: 864 ====
Enqueued command 358
==== Sum 216: 38 ====
==== Product 214: 4320 ====
Enqueued command 359
Enqueued command 360
==== Sum 217: 40 ====
==== Product 216: 37 ====
Enqueued command 361
==== Sum 218: 43 ====
==== Product 217: 74 ====
Enqueued command 362
==== Sum 219: 47 ====
==== Product 218: 222 ====
Enqueued command 363
==== Sum 220: 52 ====
==== Product 219: 888 ====
Enqueued command 364
==== Sum 222: 39 ====
==== Product 220: 4440 ====
Enqueued command 365
Enqueued command 366
==== Sum 223: 41 ====
==== Product 222: 38 ====
Enqueued command 367
==== Sum 224: 44 ====
==== Product 223: 76 ====
Enqueued command 368
==== Sum 225: 48 ====
==== Product 224: 228 ====
Enqueued command 369
==== Sum 226: 53 ====
==== Product 225: 912 ====
Enqueued command 370
==== Sum 228: 40 ====
==== Product 226: 4560 ====
Enqueued command 371
Enqueued command 372
==== Sum 229: 42 ====
==== Product 228: 39 ====
Enqueued command 373
==== Sum 230: 45 ====
==== Product 229: 78 ====
Enqueued command 374
==== Sum 231: 49 ====
==== Product 230: 234 ====
Enqueued command 375
==== Sum 232: 54 ====
==== Product 231: 936 ====
Enqueued command 376
==== Sum 234: 41 ====
==== Product 232: 4680 ====
Enqueued command 377
Enqueued command 378
==== Sum 235: 43 ====
==== Product 234: 40 ====
Enqueued command 379
==== Sum 236: 46 ====
==== Product 235: 80 ====
Enqueued command 380
==== Sum 237: 50 ====
==== Product 236: 240 ====
Enqueued command 381
==== Sum 238: 55 ====
==== Product 237: 960 ====
Enqueued command 382
==== Sum 240: 42 ====
==== Product 238: 4800 ====
Enqueued command 383
Enqueued command 384
==== Sum 241: 44 ====
==== Product 240: 41 ====
Enqueued command 385
==== Sum 242: 47 ====
==== Product 241: 82 ====
Enqueued command 386
==== Sum 243: 51 ====
==== Product 242: 246 ====
Enqueued command 387
==== Sum 244: 56 ====
==== Product 243: 984 ====
Enqueued command 388
==== Sum 246: 43 ====
==== Product 244: 4920 ====
Enqueued command 389
Enqueued command 390
==== Sum 247: 45 ====
==== Product 246: 42 ====
Enqueued command 391
==== Sum 248: 48 ====
==== Product 247: 84 ====
Enqueued command 392
==== Sum 249: 52 ====
==== Product 248: 252 ====
Enqueued command 393
==== Sum 250: 57 ====
==== Product 249: 1008 ====
Enqueued command 394
==== Sum 252: 44 ====
==== Product 250: 5040 ====
Enqueued command 395
Enqueued command 396
==== Sum 253: 46 ====
==== Product 252: 43 ====
Enqueued command 397
==== Sum 254: 49 ====
==== Product 253: 86 ====
Enqueued command 398
==== Sum 255: 53 ====
==== Product 254: 258 ====
Enqueued command 399
==== Sum 256: 58 ====
==== Product 255: 1032 ====
Enqueued command 400
==== Sum 258: 45 ====
==== Product 256: 5160 ====
Enqueued command 401
Enqueued command 402
==== Sum 259: 47 ====
==== Product 258: 44 ====
Enqueued command 403
==== Sum 260: 50 ====
==== Product 259: 88 ====
Enqueued command 404
==== Sum 261: 54 ====
==== Product 260: 264 ====
Enqueued command 405
==== Sum 262: 59 ====
==== Product 261: 1056 ====
Enqueued command 406
==== Sum 264: 46 ====
==== Product 262: 5280 ====
Enqueued command 407
Enqueued command 408
==== Sum 265: 48 ====
==== Product 264: 45 ====
Enqueued command 409
==== Sum 266: 51 ====
==== Product 265: 90 ====
Enqueued command 410
==== Sum 267: 55 ====
==== Product 266: 270 ====
Enqueued command 411
==== Sum 268: 60 ====
==== Product 267: 1080 ====
Enqueued command 412
==== Sum 270: 47 ====
==== Product 268: 5400 ====
Enqueued command 413
Enqueued command 414
==== Sum 271: 49 ====
==== Product 270: 46 ====
Enqueued command 415
==== Sum 272: 52 ====
==== Product 271: 92 ====
Enqueued command 416
==== Sum 273: 56 ====
==== Product 272: 276 ====
Enqueued command 417
==== Sum 274: 61 ====
==== Product 273: 1104 ====
Enqueued command 418
==== Sum 276: 48 ====
==== Product 274: 5520 ====
Enqueued command 419
Enqueued command 420
==== Sum 277: 50 ====
==== Product 276: 47 ====
Enqueued command 421
==== Sum 278: 53 ====
==== Product 277: 94 ====
Enqueued command 422
==== Sum 279: 57 ====
==== Product 278: 282 ====
Enqueued command 423
==== Sum 280: 62 ====
==== Product 279: 1128 ====
Enqueued command 424
==== Sum 282: 49 ====
==== Product 280: 5640 ====
Enqueued command 425
Enqueued command 426
==== Sum 283: 51 ====
==== Product 282: 48 ====
Enqueued command 427
==== Sum 284: 54 ====
==== Product 283: 96 ====
Enqueued command 428
==== Sum 285: 58 ====
==== Product 284: 288 ====
Enqueued command 429
==== Sum 286: 63 ====
==== Product 285: 1152 ====
Enqueued command 430
==== Sum 288: 50 ====
==== Product 286: 5760 ====
Enqueued command 431
Enqueued command 432
==== Sum 289: 52 ====
==== Product 288: 49 ====
Enqueued command 433
==== Sum 290: 55 ====
==== Product 289: 98 ====
Enqueued command 434
==== Sum 291: 59 ====
==== Product 290: 294 ====
Enqueued command 435
==== Sum 292: 64 ====
==== Product 291: 1176 ====
Enqueued command 436
==== Sum 294: 51 ====
==== Product 292: 5880 ====
Enqueued command 437
Enqueued command 438
==== Sum 295: 53 ====
==== Product 294: 50 ====
Enqueued command 439
==== Sum 296: 56 ====
==== Product 295: 100 ====
Enqueued command 440
==== Sum 297: 60 ====
==== Product 296: 300 ====
Enqueued command 441
==== Sum 298: 65 ====
==== Product 297: 1200 ====
Enqueued command 442
==== Sum 300: 52 ====
==== Product 298: 6000 ====
Enqueued command 443
Enqueued command 444
==== Sum 301: 54 ====
==== Product 300: 51 ====
Enqueued command 445
==== Sum 302: 57 ====
==== Product 301: 102 ====
Enqueued command 446
==== Sum 303: 61 ====
==== Product 302: 306 ====
Enqueued command 447
==== Sum 304: 66 ====
==== Product 303: 1224 ====
Enqueued command 448
==== Sum 306: 53 ====
==== Product 304: 6120 ====
Enqueued command 449
Enqueued command 450
==== Sum 307: 55 ====
==== Product 306: 52 ====
Enqueued command 451
==== Sum 308: 58 ====
==== Product 307: 104 ====
Enqueued command 452
==== Sum 309: 62 ====
==== Product 308: 312 ====
Enqueued command 453
==== Sum 310: 67 ====
==== Product 309: 1248 ====
Enqueued command 454
==== Sum 312: 54 ====
==== Product 310: 6240 ====
Enqueued command 455
Enqueued command 456
==== Sum 313: 56 ====
==== Product 312: 53 ====
Enqueued command 457
==== Sum 314: 59 ====
==== Product 313: 106 ====
Enqueued command 458
==== Sum 315: 63 ====
==== Product 314: 318 ====
Enqueued command 459
==== Sum 316: 68 ====
==== Product 315: 1272 ====
Enqueued command 460
==== Sum 318: 55 ====
==== Product 316: 6360 ====
Enqueued command 461
Enqueued command 462
==== Sum 319: 57 ====
==== Product 318: 54 ====
Enqueued command 463
==== Sum 320: 60 ====
==== Product 319: 108 ====
Enqueued command 464
==== Sum 321: 64 ====
==== Product 320: 324 ====
Enqueued command 465
==== Sum 322: 69 ====
==== Product 321: 1296 ====
Enqueued command 466
==== Sum 324: 56 ====
==== Product 322: 6480 ====
Enqueued command 467
Enqueued command 468
==== Sum 325: 58 ====
==== Product 324: 55 ====
Enqueued command 469
==== Sum 326: 61 ====
==== Product 325: 110 ====
Enqueued command 470
==== Sum 327: 65 ====
==== Product 326: 330 ====
Enqueued command 471
==== Sum 328: 70 ====
==== Product 327: 1320 ====
Enqueued command 472
==== Sum 330: 57 ====
==== Product 328: 6600 ====
Enqueued command 473
Enqueued command 474
==== Sum 331: 59 ====
==== Product 330: 56 ====
Enqueued command 475
==== Sum 332: 62 ====
==== Product 331: 112 ====
Enqueued command 476
==== Sum 333: 66 ====
==== Product 332: 336 ====
Enqueued command 477
==== Sum 334: 71 ====
==== Product 333: 1344 ====
Enqueued command 478
==== Sum 336: 58 ====
==== Product 334: 6720 ====
Enqueued command 479
Enqueued command 480
==== Sum 337: 60 ====
==== Product 336: 57 ====
Enqueued command 481
==== Sum 338: 63 ====
==== Product 337: 114 ====
Enqueued command 482
==== Sum 339: 67 ====
==== Product 338: 342 ====
Enqueued command 483
==== Sum 340: 72 ====
==== Product 339: 1368 ====
Enqueued command 484
==== Sum 342: 59 ====
==== Product 340: 6840 ====
Enqueued command 485
Enqueued command 486
==== Sum 343: 61 ====
==== Product 342: 58 ====
Enqueued command 487
==== Sum 344: 64 ====
==== Product 343: 116 ====
Enqueued command 488
==== Sum 345: 68 ====
==== Product 344: 348 ====
Enqueued command 489
==== Sum 346: 73 ====
==== Product 345: 1392 ====
Enqueued command 490
==== Sum 348: 60 ====
==== Product 346: 6960 ====
Enqueued command 491
Enqueued command 492
==== Sum 349: 62 ====
==== Product 348: 59 ====
Enqueued command 493
==== Sum 350: 65 ====
==== Product 349: 118 ====
Enqueued command 494
==== Sum 351: 69 ====
==== Product 350: 354 ====
Enqueued command 495
==== Sum 352: 74 ====
==== Product 351: 1416 ====
Enqueued command 496
==== Sum 354: 61 ====
==== Product 352: 7080 ====
Enqueued command 497
Enqueued command 498
==== Sum 355: 63 ====
==== Product 354: 60 ====
Enqueued command 499
==== Sum 356: 66 ====
==== Product 355: 120 ====
Enqueued command 500
==== Sum 357: 70 ====
==== Product 356: 360 ====
Enqueued command 501
==== Sum 358: 75 ====
==== Product 357: 1440 ====
Enqueued command 502
==== Sum 360: 62 ====
==== Product 358: 7200 ====
Enqueued command 503
Enqueued command 504
==== Sum 361: 64 ====
==== Product 360: 61 ====
Enqueued command 505
==== Sum 362: 67 ====
==== Product 361: 122 ====
Enqueued command 506
==== Sum 363: 71 ====
==== Product 362: 366 ====
Enqueued command 507
==== Sum 364: 76 ====
==== Product 363: 1464 ====
Enqueued command 508
==== Sum 366: 63 ====
==== Product 364: 7320 ====
Enqueued command 509
Enqueued command 510
==== Sum 367: 65 ====
==== Product 366: 62 ====
Enqueued command 511
==== Sum 368: 68 ====
==== Product 367: 124 ====
Enqueued command 512
==== Sum 369: 72 ====
==== Product 368: 372 ====
Enqueued command 513
==== Sum 370: 77 ====
==== Product 369: 1488 ====
Enqueued command 514
==== Sum 372: 64 ====
==== Product 370: 7440 ====
Enqueued command 515
Enqueued command 516
==== Sum 373: 66 ====
==== Product 372: 63 ====
Enqueued command 517
==== Sum 374: 69 ====
==== Product 373: 126 ====
Enqueued command 518
==== Sum 375: 73 ====
==== Product 374: 378 ====
Enqueued command 519
==== Sum 376: 78 ====
==== Product 375: 1512 ====
Enqueued command 520
==== Sum 378: 65 ====
==== Product 376: 7560 ====
Enqueued command 521
Enqueued command 522
==== Sum 379: 67 ====
==== Product 378: 64 ====
Enqueued command 523
==== Sum 380: 70 ====
==== Product 379: 128 ====
Enqueued command 524
==== Sum 381: 74 ====
==== Product 380: 384 ====
Enqueued command 525
==== Sum 382: 79 ====
==== Product 381: 1536 ====
Enqueued command 526
==== Sum 384: 66 ====
==== Product 382: 7680 ====
Enqueued command 527
Enqueued command 528
==== Sum 385: 68 ====
==== Product 384: 65 ====
Enqueued command 529
==== Sum 386: 71 ====
==== Product 385: 130 ====
Enqueued command 530
==== Sum 387: 75 ====
==== Product 386: 390 ====
Enqueued command 531
==== Sum 388: 80 ====
==== Product 387: 1560 ====
Enqueued command 532
==== Sum 390: 67 ====
==== Product 388: 7800 ====
Enqueued command 533
Enqueued command 534
==== Sum 391: 69 ====
==== Product 390: 66 ====
Enqueued command 535
==== Sum 392: 72 ====
==== Product 391: 132 ====
Enqueued command 536
==== Sum 393: 76 ====
==== Product 392: 396 ====
Enqueued command 537
==== Sum 394: 81 ====
==== Product 393: 1584 ====
Enqueued command 538
==== Sum 396: 68 ====
==== Product 394: 7920 ====
Enqueued command 539
Enqueued command 540
==== Sum 397: 70 ====
==== Product 396: 67 ====
Enqueued command 541
==== Sum 398: 73 ====
==== Product 397: 134 ====
Enqueued command 542
==== Sum 399: 77 ====
==== Product 398: 402 ====
Enqueued command 543
==== Sum 400: 82 ====
==== Product 399: 1608 ====
Enqueued command 544
==== Sum 402: 69 ====
==== Product 400: 8040 ====
Enqueued command 545
Enqueued command 546
==== Sum 403: 71 ====
==== Product 402: 68 ====
Enqueued command 547
==== Sum 404: 74 ====
==== Product 403: 136 ====
Enqueued command 548
==== Sum 405: 78 ====
==== Product 404: 408 ====
Enqueued command 549
==== Sum 406: 83 ====
==== Product 405: 1632 ====
Enqueued command 550
==== Sum 408: 70 ====
==== Product 406: 8160 ====
Enqueued command 551
Enqueued command 552
==== Sum 409: 72 ====
==== Product 408: 69 ====
Enqueued command 553
==== Sum 410: 75 ====
==== Product 409: 138 ====
Enqueued command 554
==== Sum 411: 79 ====
==== Product 410: 414 ====
Enqueued command 555
==== Sum 412: 84 ====
==== Product 411: 1656 ====
Enqueued command 556
==== Sum 414: 71 ====
==== Product 412: 8280 ====
Enqueued command 557
Enqueued command 558
==== Sum 415: 73 ====
==== Product 414: 70 ====
Enqueued command 559
==== Sum 416: 76 ====
==== Product 415: 140 ====
Enqueued command 560
==== Sum 417: 80 ====
==== Product 416: 420 ====
Enqueued command 561
==== Sum 418: 85 ====
==== Product 417: 1680 ====
Enqueued command 562
==== Sum 420: 72 ====
==== Product 418: 8400 ====
Enqueued command 563
Enqueued command 564
==== Sum 421: 74 ====
==== Product 420: 71 ====
Enqueued command 565
==== Sum 422: 77 ====
==== Product 421: 142 ====
Enqueued command 566
==== Sum 423: 81 ====
==== Product 422: 426 ====
Enqueued command 567
==== Sum 424: 86 ====
==== Product 423: 1704 ====
Enqueued command 568
==== Sum 426: 73 ====
==== Product 424: 8520 ====
Enqueued command 569
Enqueued command 570
==== Sum 427: 75 ====
==== Product 426: 72 ====
Enqueued command 571
==== Sum 428: 78 ====
==== Product 427: 144 ====
Enqueued command 572
==== Sum 429: 82 ====
==== Product 428: 432 ====
Enqueued command 573
==== Sum 430: 87 ====
==== Product 429: 1728 ====
Enqueued command 574
==== Sum 432: 74 ====
==== Product 430: 8640 ====
Enqueued command 575
Enqueued command 576
==== Sum 433: 76 ====
==== Product 432: 73 ====
Enqueued command 577
==== Sum 434: 79 ====
==== Product 433: 146 ====
Enqueued command 578
==== Sum 435: 83 ====
==== Product 434: 438 ====
Enqueued command 579
==== Sum 436: 88 ====
==== Product 435: 1752 ====
Enqueued command 580
==== Sum 438: 75 ====
==== Product 436: 8760 ====
Enqueued command 581
Enqueued command 582
==== Sum 439: 77 ====
==== Product 438: 74 ====
Enqueued command 583
==== Sum 440: 80 ====
==== Product 439: 148 ====
Enqueued command 584
==== Sum 441: 84 ====
==== Product 440: 444 ====
Enqueued command 585
==== Sum 442: 89 ====
==== Product 441: 1776 ====
Enqueued command 586
==== Sum 444: 76 ====
==== Product 442: 8880 ====
Enqueued command 587
Enqueued command 588
==== Sum 445: 78 ====
==== Product 444: 75 ====
Enqueued command 589
==== Sum 446: 81 ====
==== Product 445: 150 ====
Enqueued command 590
==== Sum 447: 85 ====
==== Product 446: 450 ====
Enqueued command 591
==== Sum 448: 90 ====
==== Product 447: 1800 ====
Enqueued command 592
==== Sum 450: 77 ====
==== Product 448: 9000 ====
Enqueued command 593
Enqueued command 594
==== Sum 451: 79 ====
==== Product 450: 76 ====
Enqueued command 595
==== Sum 452: 82 ====
==== Product 451: 152 ====
Enqueued command 596
==== Sum 453: 86 ====
==== Product 452: 456 ====
Enqueued command 597
==== Sum 454: 91 ====
==== Product 453: 1824 ====
Enqueued command 598
==== Sum 456: 78 ====
==== Product 454: 9120 ====
Enqueued command 599
==== Sum 457: 80 ====
==== Product 456: 77 ====
==== Sum 458: 83 ====
==== Product 457: 154 ====
==== Sum 459: 87 ====
==== Product 458: 462 ====
==== Sum 460: 92 ====
==== Product 459: 1848 ====
==== Sum 462: 79 ====
==== Product 460: 9240 ====
==== Sum 463: 81 ====
==== Product 462: 78 ====
==== Sum 464: 84 ====
==== Product 463: 156 ====
==== Sum 465: 88 ====
==== Product 464: 468 ====
==== Sum 466: 93 ====
==== Product 465: 1872 ====
==== Sum 468: 80 ====
==== Product 466: 9360 ====
==== Sum 469: 82 ====
==== Product 468: 79 ====
==== Sum 470: 85 ====
==== Product 469: 158 ====
==== Sum 471: 89 ====
==== Product 470: 474 ====
==== Sum 472: 94 ====
==== Product 471: 1896 ====
==== Sum 474: 81 ====
==== Product 472: 9480 ====
==== Sum 475: 83 ====
==== Product 474: 80 ====
==== Sum 476: 86 ====
==== Product 475: 160 ====
==== Sum 477: 90 ====
==== Product 476: 480 ====
==== Sum 478: 95 ====
==== Product 477: 1920 ====
==== Sum 480: 82 ====
==== Product 478: 9600 ====
==== Sum 481: 84 ====
==== Product 480: 81 ====
==== Sum 482: 87 ====
==== Product 481: 162 ====
==== Sum 483: 91 ====
==== Product 482: 486 ====
==== Sum 484: 96 ====
==== Product 483: 1944 ====
==== Sum 486: 83 ====
==== Product 484: 9720 ====
==== Sum 487: 85 ====
==== Product 486: 82 ====
==== Sum 488: 88 ====
==== Product 487: 164 ====
==== Sum 489: 92 ====
==== Product 488: 492 ====
==== Sum 490: 97 ====
==== Product 489: 1968 ====
==== Sum 492: 84 ====
==== Product 490: 9840 ====
==== Sum 493: 86 ====
==== Product 492: 83 ====
==== Sum 494: 89 ====
==== Product 493: 166 ====
==== Sum 495: 93 ====
==== Product 494: 498 ====
==== Sum 496: 98 ====
==== Product 495: 1992 ====
==== Sum 498: 85 ====
==== Product 496: 9960 ====
==== Sum 499: 87 ====
==== Product 498: 84 ====
==== Sum 500: 90 ====
==== Product 499: 168 ====
==== Sum 501: 94 ====
==== Product 500: 504 ====
==== Sum 502: 99 ====
==== Product 501: 2016 ====
==== Sum 504: 86 ====
==== Product 502: 10080 ====
==== Sum 505: 88 ====
==== Product 504: 85 ====
==== Sum 506: 91 ====
==== Product 505: 170 ====
==== Sum 507: 95 ====
==== Product 506: 510 ====
==== Sum 508: 100 ====
==== Product 507: 2040 ====
==== Sum 510: 87 ====
==== Product 508: 10200 ====
==== Sum 511: 89 ====
==== Product 510: 86 ====
==== Sum 512: 92 ====
==== Product 511: 172 ====
==== Sum 513: 96 ====
==== Product 512: 516 ====
==== Sum 514: 101 ====
==== Product 513: 2064 ====
==== Sum 516: 88 ====
==== Product 514: 10320 ====
==== Sum 517: 90 ====
==== Product 516: 87 ====
==== Sum 518: 93 ====
==== Product 517: 174 ====
==== Sum 519: 97 ====
==== Product 518: 522 ====
==== Sum 520: 102 ====
==== Product 519: 2088 ====
==== Sum 522: 89 ====
==== Product 520: 10440 ====
==== Sum 523: 91 ====
==== Product 522: 88 ====
==== Sum 524: 94 ====
==== Product 523: 176 ====
==== Sum 525: 98 ====
==== Product 524: 528 ====
==== Sum 526: 103 ====
==== Product 525: 2112 ====
==== Sum 528: 90 ====
==== Product 526: 10560 ====
==== Sum 529: 92 ====
==== Product 528: 89 ====
==== Sum 530: 95 ====
==== Product 529: 178 ====
==== Sum 531: 99 ====
==== Product 530: 534 ====
==== Sum 532: 104 ====
==== Product 531: 2136 ====
==== Sum 534: 91 ====
==== Product 532: 10680 ====
==== Sum 535: 93 ====
==== Product 534: 90 ====
==== Sum 536: 96 ====
==== Product 535: 180 ====
==== Sum 537: 100 ====
==== Product 536: 540 ====
==== Sum 538: 105 ====
==== Product 537: 2160 ====
==== Sum 540: 92 ====
==== Product 538: 10800 ====
==== Sum 541: 94 ====
==== Product 540: 91 ====
==== Sum 542: 97 ====
==== Product 541: 182 ====
==== Sum 543: 101 ====
==== Product 542: 546 ====
==== Sum 544: 106 ====
==== Product 543: 2184 ====
==== Sum 546: 93 ====
==== Product 544: 10920 ====
==== Sum 547: 95 ====
==== Product 546: 92 ====
==== Sum 548: 98 ====
==== Product 547: 184 ====
==== Sum 549: 102 ====
==== Product 548: 552 ====
==== Sum 550: 107 ====
==== Product 549: 2208 ====
==== Sum 552: 94 ====
==== Product 550: 11040 ====
==== Sum 553: 96 ====
==== Product 552: 93 ====
==== Sum 554: 99 ====
==== Product 553: 186 ====
==== Sum 555: 103 ====
==== Product 554: 558 ====
==== Sum 556: 108 ====
==== Product 555: 2232 ====
==== Sum 558: 95 ====
==== Product 556: 11160 ====
==== Sum 559: 97 ====
==== Product 558: 94 ====
==== Sum 560: 100 ====
==== Product 559: 188 ====
==== Sum 561: 104 ====
==== Product 560: 564 ====
==== Sum 562: 109 ====
==== Product 561: 2256 ====
==== Sum 564: 96 ====
==== Product 562: 11280 ====
==== Sum 565: 98 ====
==== Product 564: 95 ====
==== Sum 566: 101 ====
==== Product 565: 190 ====
==== Sum 567: 105 ====
==== Product 566: 570 ====
==== Sum 568: 110 ====
==== Product 567: 2280 ====
==== Sum 570: 97 ====
==== Product 568: 11400 ====
==== Sum 571: 99 ====
==== Product 570: 96 ====
==== Sum 572: 102 ====
==== Product 571: 192 ====
==== Sum 573: 106 ====
==== Product 572: 576 ====
==== Sum 574: 111 ====
==== Product 573: 2304 ====
==== Sum 576: 98 ====
==== Product 574: 11520 ====
==== Sum 577: 100 ====
==== Product 576: 97 ====
==== Sum 578: 103 ====
==== Product 577: 194 ====
==== Sum 579: 107 ====
==== Product 578: 582 ====
==== Sum 580: 112 ====
==== Product 579: 2328 ====
==== Sum 582: 99 ====
==== Product 580: 11640 ====
==== Sum 583: 101 ====
==== Product 582: 98 ====
==== Sum 584: 104 ====
==== Product 583: 196 ====
==== Sum 585: 108 ====
==== Product 584: 588 ====
==== Sum 586: 113 ====
==== Product 585: 2352 ====
==== Sum 588: 100 ====
==== Product 586: 11760 ====
==== Sum 589: 102 ====
==== Product 588: 99 ====
==== Sum 590: 105 ====
==== Product 589: 198 ====
==== Sum 591: 109 ====
==== Product 590: 594 ====
==== Sum 592: 114 ====
==== Product 591: 2376 ====
==== Sum 594: 101 ====
==== Product 592: 11880 ====
==== Sum 595: 103 ====
==== Product 594: 100 ====
==== Sum 596: 106 ====
==== Product 595: 200 ====
==== Sum 597: 110 ====
==== Product 596: 600 ====
==== Sum 598: 115 ====
==== Product 597: 2400 ====
==== Product 598: 12000 ====
Enqueued halt
